Copyright 1986-2014 Xilinx, Inc. All Rights Reserved.
------------------------------------------------------------------------------------------
| Tool Version : Vivado v.2014.4 (win32) Build 1071353 Tue Nov 18 18:06:20 MST 2014
| Date         : Fri Nov 10 13:59:25 2017
| Host         : Sar-PC running 32-bit Service Pack 1  (build 7601)
| Command      : report_control_sets -verbose -file reloj_digital_control_sets_placed.rpt
| Design       : reloj_digital
| Device       : xc7a100t
------------------------------------------------------------------------------------------

Control Set Information

Table of Contents
-----------------
1. Summary
2. Flip-Flop Distribution
3. Detailed Control Set Information

1. Summary
----------

+-------------------------------------------------------------------+-------+
|                               Status                              | Count |
+-------------------------------------------------------------------+-------+
| Number of unique control sets                                     |   105 |
| Minimum Number of register sites lost to control set restrictions |   724 |
+-------------------------------------------------------------------+-------+


2. Flip-Flop Distribution
-------------------------

+--------------+-----------------------+------------------------+-----------------+--------------+
| Clock Enable | Synchronous Set/Reset | Asynchronous Set/Reset | Total Registers | Total Slices |
+--------------+-----------------------+------------------------+-----------------+--------------+
| No           | No                    | No                     |               4 |            4 |
| No           | No                    | Yes                    |             156 |           78 |
| No           | Yes                   | No                     |              32 |           32 |
| Yes          | No                    | No                     |               0 |            0 |
| Yes          | No                    | Yes                    |              28 |           25 |
| Yes          | Yes                   | No                     |               0 |            0 |
+--------------+-----------------------+------------------------+-----------------+--------------+


3. Detailed Control Set Information
-----------------------------------

+-------------------------------+------------------------------------------------+-------------------------------------------+------------------+----------------+
|          Clock Signal         |                  Enable Signal                 |              Set/Reset Signal             | Slice Load Count | Bel Load Count |
+-------------------------------+------------------------------------------------+-------------------------------------------+------------------+----------------+
|  c1h_i/temporal               |                                                |                                           |                1 |              1 |
|  n_0_estado_reg[2]_i_2        | cnt_m_i/contador_min/n_0_cnt_tmp_d[3]_P_i_1__1 | cnt_a_i/contador_min/O23                  |                1 |              1 |
|  n_0_estado_reg[2]_i_2        | cnt_m_i/contador_min/n_0_cnt_tmp_d[3]_P_i_1__1 | cnt_a_i/contador_min/O25                  |                1 |              1 |
|  c2h_i/O1                     |                                                | n_0_lucecita_s_i_2                        |                1 |              1 |
|  cnt_a_i/contador_hr/O17      |                                                | cnt_a_i/contador_hr/O18                   |                1 |              1 |
|  cnt_a_i/contador_hr/O19      |                                                | cnt_a_i/contador_hr/O20                   |                1 |              1 |
|  cnt_a_i/contador_hr/O21      |                                                | cnt_a_i/contador_hr/O22                   |                1 |              1 |
|  cnt_a_i/contador_hr/O23      |                                                | cnt_a_i/contador_hr/O24                   |                1 |              1 |
|  cnt_a_i/contador_hr/O25      |                                                | cnt_a_i/contador_hr/O26                   |                1 |              1 |
|  cnt_a_i/contador_hr/O27      |                                                | cnt_a_i/contador_hr/O28                   |                1 |              1 |
|  cnt_a_i/contador_hr/O29      |                                                | cnt_a_i/contador_hr/O30                   |                1 |              1 |
|  cnt_a_i/contador_hr/O31      |                                                | cnt_a_i/contador_hr/O32                   |                1 |              1 |
|  cnt_a_i/contador_min/O1      |                                                | cnt_m_i/contador_hr/O20                   |                1 |              1 |
|  cnt_a_i/contador_min/O1      |                                                | cnt_m_i/contador_hr/O23                   |                1 |              1 |
|  cnt_a_i/contador_min/O1      |                                                | cnt_m_i/contador_hr/O24                   |                1 |              1 |
|  cnt_a_i/contador_min/O1      |                                                | cnt_m_i/contador_hr/O17                   |                1 |              1 |
|  cnt_a_i/contador_min/O1      |                                                | cnt_m_i/contador_hr/O25                   |                1 |              1 |
|  cnt_a_i/contador_min/O1      |                                                | cnt_m_i/contador_hr/O27                   |                1 |              1 |
|  cnt_a_i/contador_min/O1      |                                                | cnt_m_i/contador_hr/O29                   |                1 |              1 |
|  cnt_a_i/contador_min/O1      |                                                | cnt_m_i/contador_hr/O18                   |                1 |              1 |
|  cnt_a_i/contador_min/O1      |                                                | cnt_m_i/contador_hr/O19                   |                1 |              1 |
|  cnt_a_i/contador_min/O1      |                                                | cnt_m_i/contador_hr/O22                   |                1 |              1 |
|  cnt_a_i/contador_min/O1      |                                                | cnt_m_i/contador_hr/O21                   |                1 |              1 |
|  cnt_a_i/contador_min/O1      |                                                | cnt_m_i/contador_hr/O31                   |                1 |              1 |
|  cnt_a_i/contador_min/O1      | cnt_a_i/contador_hr/n_0_cnt_tmp_d[3]_P_i_1__0  | cnt_m_i/contador_hr/O26                   |                1 |              1 |
|  cnt_a_i/contador_min/O1      | cnt_a_i/contador_hr/n_0_cnt_tmp_d[3]_P_i_1__0  | cnt_m_i/contador_hr/O28                   |                1 |              1 |
|  cnt_a_i/contador_min/O1      | cnt_a_i/contador_hr/n_0_cnt_tmp_d[3]_P_i_1__0  | cnt_m_i/contador_hr/O30                   |                1 |              1 |
|  cnt_a_i/contador_min/O1      | cnt_a_i/contador_hr/n_0_cnt_tmp_d[3]_P_i_1__0  | cnt_m_i/contador_hr/O32                   |                1 |              1 |
|  cnt_a_i/contador_min/O11     |                                                | cnt_a_i/contador_min/O12                  |                1 |              1 |
|  cnt_a_i/contador_min/O13     |                                                | cnt_a_i/contador_min/O14                  |                1 |              1 |
|  cnt_a_i/contador_min/O15     |                                                | cnt_a_i/contador_min/O16                  |                1 |              1 |
|  cnt_a_i/contador_min/O17     |                                                | cnt_a_i/contador_min/O18                  |                1 |              1 |
|  cnt_a_i/contador_min/O19     |                                                | cnt_a_i/contador_min/O20                  |                1 |              1 |
|  cnt_a_i/contador_min/O21     |                                                | cnt_a_i/contador_min/O22                  |                1 |              1 |
|  cnt_a_i/contador_min/O23     |                                                | cnt_a_i/contador_min/O24                  |                1 |              1 |
|  cnt_a_i/contador_min/O25     |                                                | cnt_a_i/contador_min/O26                  |                1 |              1 |
|  cnt_a_i/contador_seg/acarreo |                                                |                                           |                1 |              1 |
|  cnt_a_i/contador_seg/acarreo |                                                | cnt_m_i/contador_min/O15                  |                1 |              1 |
|  cnt_a_i/contador_seg/acarreo |                                                | cnt_m_i/contador_min/O13                  |                1 |              1 |
|  cnt_a_i/contador_seg/acarreo |                                                | cnt_m_i/contador_min/O12                  |                1 |              1 |
|  cnt_a_i/contador_seg/acarreo |                                                | cnt_m_i/contador_min/O11                  |                1 |              1 |
|  cnt_a_i/contador_seg/acarreo |                                                | cnt_m_i/contador_min/O10                  |                1 |              1 |
|  cnt_a_i/contador_seg/acarreo |                                                | cnt_m_i/contador_min/O5                   |                1 |              1 |
|  cnt_a_i/contador_seg/acarreo |                                                | cnt_m_i/contador_min/O17                  |                1 |              1 |
|  cnt_a_i/contador_seg/acarreo |                                                | cnt_m_i/contador_min/O19                  |                1 |              1 |
|  cnt_a_i/contador_seg/acarreo |                                                | cnt_m_i/contador_min/O6                   |                1 |              1 |
|  cnt_a_i/contador_seg/acarreo |                                                | cnt_m_i/contador_min/O7                   |                1 |              1 |
|  cnt_a_i/contador_seg/acarreo |                                                | cnt_m_i/contador_min/O8                   |                1 |              1 |
|  cnt_a_i/contador_seg/acarreo |                                                | cnt_m_i/contador_min/O9                   |                1 |              1 |
|  cnt_a_i/contador_seg/acarreo | cnt_a_i/contador_min/n_0_cnt_tmp_d[3]_P_i_1    | cnt_m_i/contador_min/O14                  |                1 |              1 |
|  cnt_a_i/contador_seg/acarreo | cnt_a_i/contador_min/n_0_cnt_tmp_d[3]_P_i_1    | cnt_m_i/contador_min/O16                  |                1 |              1 |
|  cnt_a_i/contador_seg/acarreo | cnt_a_i/contador_min/n_0_cnt_tmp_d[3]_P_i_1    | cnt_m_i/contador_min/O18                  |                1 |              1 |
|  cnt_a_i/contador_seg/acarreo | cnt_a_i/contador_min/n_0_cnt_tmp_d[3]_P_i_1    | cnt_m_i/contador_min/O20                  |                1 |              1 |
|  cnt_m_i/contador_hr/O20      |                                                | cnt_m_i/contador_hr/O19                   |                1 |              1 |
|  cnt_m_i/contador_hr/O24      |                                                | cnt_m_i/contador_hr/O23                   |                1 |              1 |
|  cnt_m_i/contador_hr/O26      |                                                | cnt_m_i/contador_hr/O25                   |                1 |              1 |
|  cnt_m_i/contador_hr/O28      |                                                | cnt_m_i/contador_hr/O27                   |                1 |              1 |
|  cnt_m_i/contador_hr/O18      |                                                | cnt_m_i/contador_hr/O17                   |                1 |              1 |
|  cnt_m_i/contador_hr/O22      |                                                | cnt_m_i/contador_hr/O21                   |                1 |              1 |
|  cnt_m_i/contador_hr/O30      |                                                | cnt_m_i/contador_hr/O29                   |                1 |              1 |
|  cnt_m_i/contador_hr/O32      |                                                | cnt_m_i/contador_hr/O31                   |                1 |              1 |
|  cnt_m_i/contador_min/O14     |                                                | cnt_m_i/contador_min/O13                  |                1 |              1 |
|  cnt_m_i/contador_min/O16     |                                                | cnt_m_i/contador_min/O15                  |                1 |              1 |
|  cnt_m_i/contador_min/O12     |                                                | cnt_m_i/contador_min/O11                  |                1 |              1 |
|  cnt_m_i/contador_min/O10     |                                                | cnt_m_i/contador_min/O9                   |                1 |              1 |
|  cnt_m_i/contador_min/O18     |                                                | cnt_m_i/contador_min/O17                  |                1 |              1 |
|  cnt_m_i/contador_min/O20     |                                                | cnt_m_i/contador_min/O19                  |                1 |              1 |
|  cnt_m_i/contador_min/O6      |                                                | cnt_m_i/contador_min/O5                   |                1 |              1 |
|  cnt_m_i/contador_min/O8      |                                                | cnt_m_i/contador_min/O7                   |                1 |              1 |
|  n_0_estado_reg[2]_i_2        |                                                | cnt_a_i/contador_hr/O18                   |                1 |              1 |
|  n_0_estado_reg[2]_i_2        |                                                | cnt_a_i/contador_hr/O20                   |                1 |              1 |
|  n_0_estado_reg[2]_i_2        |                                                | cnt_a_i/contador_hr/O22                   |                1 |              1 |
|  n_0_estado_reg[2]_i_2        |                                                | cnt_a_i/contador_hr/O24                   |                1 |              1 |
|  n_0_estado_reg[2]_i_2        |                                                | cnt_a_i/contador_hr/O26                   |                1 |              1 |
|  n_0_estado_reg[2]_i_2        |                                                | cnt_a_i/contador_hr/O28                   |                1 |              1 |
|  n_0_estado_reg[2]_i_2        |                                                | cnt_a_i/contador_hr/O30                   |                1 |              1 |
|  n_0_estado_reg[2]_i_2        |                                                | cnt_a_i/contador_hr/O32                   |                1 |              1 |
|  n_0_estado_reg[2]_i_2        |                                                | cnt_a_i/contador_min/O12                  |                1 |              1 |
|  n_0_estado_reg[2]_i_2        |                                                | cnt_a_i/contador_min/O14                  |                1 |              1 |
|  n_0_estado_reg[2]_i_2        |                                                | cnt_a_i/contador_min/O16                  |                1 |              1 |
|  n_0_estado_reg[2]_i_2        |                                                | cnt_a_i/contador_min/O18                  |                1 |              1 |
|  n_0_estado_reg[2]_i_2        |                                                | cnt_a_i/contador_min/O20                  |                1 |              1 |
|  n_0_estado_reg[2]_i_2        |                                                | cnt_a_i/contador_min/O22                  |                1 |              1 |
|  n_0_estado_reg[2]_i_2        |                                                | cnt_a_i/contador_min/O24                  |                1 |              1 |
|  n_0_estado_reg[2]_i_2        |                                                | cnt_a_i/contador_min/O26                  |                1 |              1 |
|  n_0_estado_reg[2]_i_2        | cnt_m_i/contador_min/clk_en[0]                 | cnt_a_i/contador_min/O11                  |                1 |              1 |
|  n_0_estado_reg[2]_i_2        | cnt_m_i/contador_min/clk_en[0]                 | cnt_a_i/contador_min/O13                  |                1 |              1 |
|  n_0_estado_reg[2]_i_2        | cnt_m_i/contador_min/clk_en[0]                 | cnt_a_i/contador_min/O15                  |                1 |              1 |
|  n_0_estado_reg[2]_i_2        | cnt_m_i/contador_min/clk_en[0]                 | cnt_a_i/contador_min/O17                  |                1 |              1 |
|  n_0_estado_reg[2]_i_2        | cnt_m_i/contador_hr/clk_en[1]                  | cnt_a_i/contador_hr/O17                   |                1 |              1 |
|  n_0_estado_reg[2]_i_2        | cnt_m_i/contador_hr/clk_en[1]                  | cnt_a_i/contador_hr/O19                   |                1 |              1 |
|  n_0_estado_reg[2]_i_2        | cnt_m_i/contador_hr/clk_en[1]                  | cnt_a_i/contador_hr/O21                   |                1 |              1 |
|  n_0_estado_reg[2]_i_2        | cnt_m_i/contador_hr/clk_en[1]                  | cnt_a_i/contador_hr/O23                   |                1 |              1 |
|  n_0_estado_reg[2]_i_2        | cnt_m_i/contador_hr/n_0_cnt_tmp_d[3]_P_i_1__2  | cnt_a_i/contador_hr/O25                   |                1 |              1 |
|  n_0_estado_reg[2]_i_2        | cnt_m_i/contador_hr/n_0_cnt_tmp_d[3]_P_i_1__2  | cnt_a_i/contador_hr/O27                   |                1 |              1 |
|  n_0_estado_reg[2]_i_2        | cnt_m_i/contador_hr/n_0_cnt_tmp_d[3]_P_i_1__2  | cnt_a_i/contador_hr/O29                   |                1 |              1 |
|  n_0_estado_reg[2]_i_2        | cnt_m_i/contador_hr/n_0_cnt_tmp_d[3]_P_i_1__2  | cnt_a_i/contador_hr/O31                   |                1 |              1 |
|  n_0_estado_reg[2]_i_2        | cnt_m_i/contador_min/n_0_cnt_tmp_d[3]_P_i_1__1 | cnt_a_i/contador_min/O19                  |                1 |              1 |
|  n_0_estado_reg[2]_i_2        | cnt_m_i/contador_min/n_0_cnt_tmp_d[3]_P_i_1__1 | cnt_a_i/contador_min/O21                  |                1 |              1 |
|  n_0_estado_reg[2]_i_2        |                                                |                                           |                2 |              2 |
|  n_0_estado_reg[2]_i_2        |                                                | areset_IBUF                               |                1 |              3 |
|  c1h_i/temporal               |                                                | cnt_a_i/contador_seg/n_0_cnt_tmp_u[3]_i_2 |                2 |              4 |
|  c1h_i/temporal               | cnt_a_i/contador_seg/n_0_cnt_tmp_d[3]_i_1      | cnt_a_i/contador_seg/n_0_cnt_tmp_u[3]_i_2 |                1 |              4 |
|  seg_i/clk_i/CLK              |                                                | areset_IBUF                               |                4 |             11 |
|  clk_IBUF_BUFG                |                                                | areset_IBUF                               |               30 |             97 |
+-------------------------------+------------------------------------------------+-------------------------------------------+------------------+----------------+


